// Jest Snapshot v1, https://goo.gl/fbAQLP

exports[`AddFolder component renders AddFolder by default 1`] = `
<ContextConsumer>
  <Component />
</ContextConsumer>
`;
